  Identification des projets à restaurer...
C:\Astro\NinaTheSkyX\NinaTheSkyX.csproj : warning NU1701: Le package 'ToastNotifications 2.5.1' a été restauré en utilisant '.NETFramework,Version=v4.6.1, .NETFramework,Version=v4.6.2, .NETFramework,Version=v4.7, .NETFramework,Version=v4.7.1, .NETFramework,Version=v4.7.2, .NETFramework,Version=v4.8, .NETFramework,Version=v4.8.1' au lieu du framework cible du projet 'net8.0-windows7.0'. Ce package n'est peut-être pas totalement compatible avec votre projet.
C:\Astro\NinaTheSkyX\NinaTheSkyX.csproj : warning NU1701: Le package 'VVVV.FreeImage 3.15.1.1' a été restauré en utilisant '.NETFramework,Version=v4.6.1, .NETFramework,Version=v4.6.2, .NETFramework,Version=v4.7, .NETFramework,Version=v4.7.1, .NETFramework,Version=v4.7.2, .NETFramework,Version=v4.8, .NETFramework,Version=v4.8.1' au lieu du framework cible du projet 'net8.0-windows7.0'. Ce package n'est peut-être pas totalement compatible avec votre projet.
  Tous les projets sont à jour pour la restauration.
